........................................................................ [  0%]
........................................................................ [  1%]
........................................................................ [  2%]
........................................................................ [  3%]
........................................................................ [  3%]
........................................................................ [  4%]
........................................................................ [  5%]
........................................................................ [  6%]
........................................................................ [  6%]
........................................................................ [  7%]
........................................................................ [  8%]
........................................................................ [  9%]
........................................................................ [ 10%]
........................................................................ [ 10%]
........................................................................ [ 11%]
........................................................................ [ 12%]
........................................................................ [ 13%]
........................................................................ [ 13%]
........................................................................ [ 14%]
........................................................................ [ 15%]
........................................................................ [ 16%]
........................................................................ [ 17%]
........................................................................ [ 17%]
.........................................s.............................. [ 18%]
........................................................................ [ 19%]
........................................................................ [ 20%]
........................................................................ [ 20%]
........................................................................ [ 21%]
........................................................................ [ 22%]
........................................................................ [ 23%]
........................................................................ [ 24%]
........................................................................ [ 24%]
........................................................................ [ 25%]
...............................s........................................ [ 26%]
........................................................................ [ 27%]
........................................................................ [ 27%]
........................................................................ [ 28%]
........................................................................ [ 29%]
........................................................................ [ 30%]
........................................................................ [ 31%]
...............................s........................................ [ 31%]
........................................................................ [ 32%]
........................................................................ [ 33%]
........................................................................ [ 34%]
........................................................................ [ 34%]
........................................................................ [ 35%]
........................................................................ [ 36%]
........................................................................ [ 37%]
........................................................................ [ 37%]
........................................................................ [ 38%]
........................................................................ [ 39%]
........................................................................ [ 40%]
........................................................................ [ 41%]
........................s.......s....................................... [ 41%]
........................................................................ [ 42%]
........................................................................ [ 43%]
........................................................................ [ 44%]
........................................................................ [ 44%]
........................................................................ [ 45%]
........................................................................ [ 46%]
........................................................................ [ 47%]
............................................s........................... [ 48%]
........................................................................ [ 48%]
.....................................................x.................. [ 49%]
........................................................................ [ 50%]
........................................................................ [ 51%]
........................................................................ [ 51%]
........................................................................ [ 52%]
........................................................................ [ 53%]
........................................................................ [ 54%]
........................................................................ [ 55%]
........................................................................ [ 55%]
........................................................................ [ 56%]
........................................................................ [ 57%]
........................................................................ [ 58%]
........................................................................ [ 58%]
........................................................................ [ 59%]
........................................................................ [ 60%]
..............................................s......................... [ 61%]
........................................................................ [ 62%]
........................................................................ [ 62%]
........................................................................ [ 63%]
...................................................................sssss [ 64%]
ssssssss................................................................ [ 65%]
........................................................................ [ 65%]
........................................................................ [ 66%]
........................................................................ [ 67%]
........................................................................ [ 68%]
......................................................................s. [ 68%]
........................................................................ [ 69%]
........................................................................ [ 70%]
........................................................................ [ 71%]
........................................................................ [ 72%]
........................................................................ [ 72%]
........................................................................ [ 73%]
........................................................................ [ 74%]
........................................................................ [ 75%]
........................................................................ [ 75%]
....................................s................................... [ 76%]
...............................................s..............s......... [ 77%]
...............................s.........s.............................. [ 78%]
........................................................................ [ 79%]
......................s................................................. [ 79%]
........................................................................ [ 80%]
........................................................................ [ 81%]
........................................................................ [ 82%]
........................................................................ [ 82%]
........................................................................ [ 83%]
........................................................................ [ 84%]
........................................................................ [ 85%]
........................................................................ [ 86%]
........................................................................ [ 86%]
........................................................................ [ 87%]
........................................................................ [ 88%]
........................................................................ [ 89%]
........................................................................ [ 89%]
........................................................................ [ 90%]
........................................................................ [ 91%]
........................................................................ [ 92%]
........................................................................ [ 93%]
........................................................................ [ 93%]
........................................................................ [ 94%]
........................................................sss............. [ 95%]
........................................................................ [ 96%]
........................................................................ [ 96%]
........................................................................ [ 97%]
........................................................................ [ 98%]
........................................................................ [ 99%]
........................................................................ [100%]
=============================== warnings summary ===============================
tests/test_api_auth_login_compat.py: 3 warnings
tests/test_auth_employee_identity_merge.py: 3 warnings
tests/test_billing_me_routes.py: 10 warnings
tests/test_employee_portal_signin_compat.py: 1 warning
tests/test_merchant_pdp_approve_http_auth.py: 6 warnings
tests/test_product_detail_fix.py: 4 warnings
tests/test_shopify_app_store_install_flow.py: 2 warnings
  /Users/pengchydan/dev/pivota-backend-quality-gate/.venv/lib/python3.11/site-packages/jwt/api_jwt.py:147: InsecureKeyLengthWarning: The HMAC key is 21 bytes long, which is below the minimum recommended length of 32 bytes for SHA256. See RFC 7518 Section 3.2.
    return self._jws.encode(

tests/test_auth_employee_identity_merge.py: 2 warnings
tests/test_billing_me_routes.py: 8 warnings
tests/test_merchant_pdp_approve_http_auth.py: 6 warnings
tests/test_product_detail_fix.py: 4 warnings
  /Users/pengchydan/dev/pivota-backend-quality-gate/.venv/lib/python3.11/site-packages/jwt/api_jwt.py:365: InsecureKeyLengthWarning: The HMAC key is 21 bytes long, which is below the minimum recommended length of 32 bytes for SHA256. See RFC 7518 Section 3.2.
    decoded = self.decode_complete(

tests/test_backfill_wix_storefront_urls.py::test_apply_upserts_cache_rows_with_storefront_fields
tests/test_backfill_wix_storefront_urls.py::test_apply_upserts_cache_rows_with_storefront_fields
tests/test_backfill_wix_storefront_urls.py::test_apply_upserts_cache_rows_with_storefront_fields
tests/test_backfill_wix_storefront_urls.py::test_mid_page_error_keeps_partial_upserts_and_surfaces_error
  /Users/pengchydan/dev/BE-sg/scripts/backfill_wix_storefront_urls.py:121: PydanticDeprecatedSince20: The `json` method is deprecated; use `model_dump_json` instead. Deprecated in Pydantic V2.0 to be removed in V3.0. See Pydantic V2 Migration Guide at https://errors.pydantic.dev/2.13/migration/
    product_data=json.loads(product.json()),

tests/test_browse_history_price_lookup.py::test_create_browse_history_event_does_not_overwrite_valid_price_with_zero
  /Users/pengchydan/dev/BE-sg/routes/accounts_orders_api.py:2908: PydanticDeprecatedSince20: The `dict` method is deprecated; use `model_dump` instead. Deprecated in Pydantic V2.0 to be removed in V3.0. See Pydantic V2 Migration Guide at https://errors.pydantic.dev/2.13/migration/
    "item": _history_row_to_item(dict(stored)).dict(),

tests/test_merchant_declared_mode.py::test_store_less_register_without_store_url
tests/test_merchant_register_retry.py::test_transaction_abort_retry_pops_password
tests/test_signup_source_and_free_audit_cutoff.py::test_register_persists_signup_source
tests/test_signup_source_and_free_audit_cutoff.py::test_register_without_signup_source_persists_none
  /Users/pengchydan/dev/BE-sg/routes/merchant_onboarding_routes.py:615: PydanticDeprecatedSince20: The `dict` method is deprecated; use `model_dump` instead. Deprecated in Pydantic V2.0 to be removed in V3.0. See Pydantic V2 Migration Guide at https://errors.pydantic.dev/2.13/migration/
    merchant_dict = merchant_data.dict()

tests/test_merchant_declared_mode.py::test_storefront_register_with_store_url_unchanged
tests/test_signup_source_and_free_audit_cutoff.py::test_any_signup_gets_low_confidence_floor_on_failed_kyb
tests/test_signup_source_and_free_audit_cutoff.py::test_kyb_pass_keeps_its_own_confidence
  /Users/pengchydan/dev/BE-sg/routes/merchant_onboarding_routes.py:699: PydanticDeprecatedSince20: The `dict` method is deprecated; use `model_dump` instead. Deprecated in Pydantic V2.0 to be removed in V3.0. See Pydantic V2 Migration Guide at https://errors.pydantic.dev/2.13/migration/
    merchant_dict = merchant_data.dict()

tests/test_merchant_products_pagination.py::test_list_merchant_products_reports_true_total
tests/test_merchant_products_pagination.py::test_list_merchant_products_includes_description_text_from_html
  /Users/pengchydan/dev/BE-sg/routes/merchant_products.py:540: PydanticDeprecatedSince20: The `parse_obj` method is deprecated; use `model_validate` instead. Deprecated in Pydantic V2.0 to be removed in V3.0. See Pydantic V2 Migration Guide at https://errors.pydantic.dev/2.13/migration/
    product = StandardProduct.parse_obj(product_json)

tests/test_merchant_register_retry.py::test_transaction_abort_retry_pops_password
  /Users/pengchydan/dev/BE-sg/routes/merchant_onboarding_routes.py:799: PydanticDeprecatedSince20: The `dict` method is deprecated; use `model_dump` instead. Deprecated in Pydantic V2.0 to be removed in V3.0. See Pydantic V2 Migration Guide at https://errors.pydantic.dev/2.13/migration/
    merchant_dict = merchant_data.dict()

tests/test_mint_employee_jwt.py::test_mint_employee_jwt_uses_direct_secret
tests/test_mint_employee_jwt.py::test_mint_employee_jwt_can_load_secret_from_railway
  /Users/pengchydan/dev/pivota-backend-quality-gate/.venv/lib/python3.11/site-packages/jwt/api_jwt.py:147: InsecureKeyLengthWarning: The HMAC key is 11 bytes long, which is below the minimum recommended length of 32 bytes for SHA256. See RFC 7518 Section 3.2.
    return self._jws.encode(

tests/test_mint_employee_jwt.py::test_mint_employee_jwt_uses_direct_secret
tests/test_mint_employee_jwt.py::test_mint_employee_jwt_can_load_secret_from_railway
  /Users/pengchydan/dev/pivota-backend-quality-gate/.venv/lib/python3.11/site-packages/jwt/api_jwt.py:365: InsecureKeyLengthWarning: The HMAC key is 11 bytes long, which is below the minimum recommended length of 32 bytes for SHA256. See RFC 7518 Section 3.2.
    decoded = self.decode_complete(

tests/test_order_routes_parallel_early_reads.py: 1 warning
tests/test_order_routes_perf_bundle_ws12.py: 11 warnings
tests/test_order_routes_platform_checkout_fallback.py: 6 warnings
tests/test_quote_first_order_persistence.py: 1 warning
  /Users/pengchydan/dev/BE-sg/routes/order_routes.py:361: PydanticDeprecatedSince20: The `json` method is deprecated; use `model_dump_json` instead. Deprecated in Pydantic V2.0 to be removed in V3.0. See Pydantic V2 Migration Guide at https://errors.pydantic.dev/2.13/migration/
    request_items_payload = [json.loads(item.json()) for item in (order_items or [])]

tests/test_product_quality_service.py::test_build_quality_payload_from_cache_row_prefers_existing_enrichment
readiness/tests/test_summary.py::test_build_readiness_optimization_includes_saved_source_data_progress
readiness/tests/test_summary.py::test_build_readiness_optimization_surfaces_title_suggestion_for_generic_title
readiness/tests/test_summary.py::test_build_readiness_optimization_skips_healthy_title_only_content_queue_items
  /Users/pengchydan/dev/BE-sg/services/product_quality_service.py:412: PydanticDeprecatedSince20: The `parse_obj` method is deprecated; use `model_validate` instead. Deprecated in Pydantic V2.0 to be removed in V3.0. See Pydantic V2 Migration Guide at https://errors.pydantic.dev/2.13/migration/
    return StandardProduct.parse_obj(product_data)

tests/test_shopify_storefront_handle_capture.py::test_cache_roundtrip_preserves_handle
  /Users/pengchydan/dev/BE-sg/tests/test_shopify_storefront_handle_capture.py:81: PydanticDeprecatedSince20: The `json` method is deprecated; use `model_dump_json` instead. Deprecated in Pydantic V2.0 to be removed in V3.0. See Pydantic V2 Migration Guide at https://errors.pydantic.dev/2.13/migration/
    cached = json.loads(product.json())

tests/test_universal_product_sync_catalog.py::test_universal_sync_returns_partial_failure_when_catalog_ingest_fails
tests/test_universal_product_sync_catalog.py::test_universal_sync_returns_success_when_catalog_ingest_succeeds
  /Users/pengchydan/dev/BE-sg/routes/universal_product_sync.py:183: PydanticDeprecatedSince20: The `json` method is deprecated; use `model_dump_json` instead. Deprecated in Pydantic V2.0 to be removed in V3.0. See Pydantic V2 Migration Guide at https://errors.pydantic.dev/2.13/migration/
    product_data = json.loads(product.json())

tests/test_wix_storefront_url_capture.py::test_cache_roundtrip_preserves_storefront_fields
  /Users/pengchydan/dev/BE-sg/tests/test_wix_storefront_url_capture.py:102: PydanticDeprecatedSince20: The `json` method is deprecated; use `model_dump_json` instead. Deprecated in Pydantic V2.0 to be removed in V3.0. See Pydantic V2 Migration Guide at https://errors.pydantic.dev/2.13/migration/
    cached = json.loads(product.json())

-- Docs: https://docs.pytest.org/en/stable/how-to/capture-warnings.html
=========================== short test summary info ============================
SKIPPED [1] tests/test_clock_harness.py:14: Stripe Test Clock harness is opt-in: set RUN_STRIPE_TEST_CLOCK_HARNESS=1
SKIPPED [1] tests/test_a9_4_seller_backfill_postgres_integration.py:170: Set PIVOTA_TEST_PG_URL to a Postgres URL to run the A9-4 integration test.
SKIPPED [1] tests/test_agent_pdp_view_reconciler_postgres_integration.py:118: Set PIVOTA_TEST_PG_URL to a Postgres URL to run the reconciler integration test.
SKIPPED [1] tests/test_audit_invariants.py:310: live BB Lab artifact not present
SKIPPED [1] tests/test_catalog_offer_suppression_migration.py:42: set MIGRATION_PR1_DB_URL to run transactional migration smoke
SKIPPED [1] tests/test_catalog_products_content_changed_at_trigger.py:40: Set CATALOG_CONTENT_CHANGED_AT_DB_URL + CATALOG_CONTENT_CHANGED_AT_DROP_SCHEMA_OK=true to run
SKIPPED [1] tests/test_content_canonical_election.py:209: needs node + a pivota-agent-ui worktree; golden covers CI
SKIPPED [1] tests/test_merchant_audit_runs.py:176: Round-trip integration via in-memory SQLite is fragile under the SQLAlchemy ARRAY/JSONB-typed Table bound to a SQLite backend. The lifecycle helpers are exercised against real Postgres in the merchant-audit-routes flow; for unit-level coverage we rely on the _build_history_trend tests above.
SKIPPED [1] tests/test_migration_safety_harness.py:61: Set MIGRATION_HARNESS_DB_URL + MIGRATION_HARNESS_DROP_SCHEMA_OK=true to run
SKIPPED [1] tests/test_migration_safety_harness.py:68: Set MIGRATION_HARNESS_DB_URL + MIGRATION_HARNESS_DROP_SCHEMA_OK=true to run
SKIPPED [1] tests/test_migration_safety_harness.py:74: Set MIGRATION_HARNESS_DB_URL + MIGRATION_HARNESS_DROP_SCHEMA_OK=true to run
SKIPPED [1] tests/test_migration_safety_harness.py:80: Set MIGRATION_HARNESS_DB_URL + MIGRATION_HARNESS_DROP_SCHEMA_OK=true to run
SKIPPED [1] tests/test_migration_safety_harness.py:91: Set MIGRATION_HARNESS_DB_URL + MIGRATION_HARNESS_DROP_SCHEMA_OK=true to run
SKIPPED [1] tests/test_migration_safety_harness.py:106: Set MIGRATION_HARNESS_DB_URL + MIGRATION_HARNESS_DROP_SCHEMA_OK=true to run
SKIPPED [1] tests/test_migration_safety_harness.py:119: Set MIGRATION_HARNESS_DB_URL + MIGRATION_HARNESS_DROP_SCHEMA_OK=true to run
SKIPPED [1] tests/test_migration_safety_harness.py:123: Set MIGRATION_HARNESS_DB_URL + MIGRATION_HARNESS_DROP_SCHEMA_OK=true to run
SKIPPED [1] tests/test_migration_safety_harness.py:144: Set MIGRATION_HARNESS_DB_URL + MIGRATION_HARNESS_DROP_SCHEMA_OK=true to run
SKIPPED [1] tests/test_migration_safety_harness.py:153: Set MIGRATION_HARNESS_DB_URL + MIGRATION_HARNESS_DROP_SCHEMA_OK=true to run
SKIPPED [1] tests/test_migration_safety_harness.py:200: Set MIGRATION_HARNESS_DB_URL + MIGRATION_HARNESS_DROP_SCHEMA_OK=true to run
SKIPPED [1] tests/test_migration_safety_harness.py:208: Set MIGRATION_HARNESS_DB_URL + MIGRATION_HARNESS_DROP_SCHEMA_OK=true to run
SKIPPED [1] tests/test_migration_safety_harness.py:223: Set MIGRATION_HARNESS_DB_URL + MIGRATION_HARNESS_DROP_SCHEMA_OK=true to run
SKIPPED [1] tests/test_partner_invite_flow_pg_integration.py:24: set PIVOTA_E2E_PG_URL to a migrated Postgres to run the e2e invite flow
SKIPPED [1] tests/test_pg_singleton_backfill_postgres_integration.py:122: Set PIVOTA_TEST_PG_URL to a Postgres URL to run the pg-singleton integration test.
SKIPPED [1] tests/test_phase2_audit_runs_lifecycle.py:99: Round-trip integration via in-memory SQLite is fragile under the SQLAlchemy ARRAY/JSONB-typed Table bound to a SQLite backend (matches the existing skip rationale in test_merchant_audit_runs.py). The lifecycle helpers are exercised against real Postgres in the audit_run_worker flow.
SKIPPED [1] tests/test_phase2_llm_probe_runs.py:171: Round-trip integration via in-memory SQLite is fragile for the Numeric(10,6) + date_trunc('day', NOW()) surface this module uses (matches the existing skip rationale in test_phase2_audit_runs_lifecycle.py). The accessors are exercised against real Postgres in the staged Railway deploy.
SKIPPED [1] tests/test_phase3_executor_runs_durability.py:155: Round-trip integration via in-memory SQLite is fragile for the FOR UPDATE SKIP LOCKED + partial-index surface this module uses (matches the existing skip rationale in test_phase2_audit_runs_lifecycle.py). The accessors are exercised against real Postgres in the executor_run_worker integration flow that lands in P3.2.
SKIPPED [1] tests/test_phase4_audit_evidence.py:166: Round-trip integration via in-memory SQLite is fragile for the SQLAlchemy ARRAY/JSONB-typed Tables + partial-index surface this module uses (matches the existing skip rationale in test_phase2_audit_runs_lifecycle.py). The accessors are exercised against real Postgres in the P4.3+ dual-write flow that lands once the BD report service is wired.
SKIPPED [1] tests/test_phase5_verification_accessors.py:180: Round-trip integration via in-memory SQLite is fragile for the FOR UPDATE SKIP LOCKED + partial-index surface this module uses (matches the existing skip rationale in test_phase2_audit_runs_lifecycle.py). The accessors are exercised against real Postgres in the verification_run_worker integration flow that lands in P5.2.
SKIPPED [1] tests/test_t2_postgres_integration.py:32: Set PIVOTA_TEST_PG_URL to a Postgres URL to run the T2 integration test.
SKIPPED [1] tests/test_t2_postgres_integration.py:116: Set PIVOTA_TEST_PG_URL to a Postgres URL to run the T2 integration test.
SKIPPED [1] tests/test_t2_postgres_integration.py:184: Set PIVOTA_TEST_PG_URL to a Postgres URL to run the T2 integration test.
XFAIL tests/test_creator_matcher.py::test_creator_action_slots_after_integration_actions - creator-partnership is dormant until a 3rd-party creator API is connected: prod has no creator data (the seed holds only an excluded example_ placeholder and discovered_creators is unpopulated), so match_creators returns [] and NO creator action renders — the correct, no-fabrication behavior. This test injects a creator to exercise the future state and exposes a latent ordering bug (creator_partnership lands ahead of pivota_integration). Fix the integration-vs-creator ordering AND gate the action on a verified data source when the creator API is wired up, then remove this xfail.
9257 passed, 31 skipped, 2 deselected, 1 xfailed, 95 warnings in 91.71s (0:01:31)
